// Jest Snapshot v1, https://goo.gl/fbAQLP

exports[`useDataGridStyleSelector styleSelector renders a toolbar button/popover allowing users to customize styles 1`] = `
<Fragment>
  <EuiPopover
    anchorPosition="downRight"
    button={
      <EuiButtonIcon
        aria-label="Grid display"
        className="euiDataGrid__controlBtn"
        color="text"
        data-test-subj="dataGridStyleSelectorButton"
        iconType="tableDensityNormal"
        onClick={[Function]}
        size="xs"
      />
    }
    closePopover={[Function]}
    data-test-subj="dataGridStyleSelectorPopover"
    display="inlineBlock"
    hasArrow={true}
    isOpen={false}
    ownFocus={true}
    panelClassName="euiDataGrid__stylePopoverPanel"
    panelPaddingSize="s"
  >
    <EuiI18n
      defaults={
        Array [
          "Density",
          "Compact",
          "Normal",
          "Expanded",
        ]
      }
      tokens={
        Array [
          "euiStyleSelector.densityLabel",
          "euiStyleSelector.labelCompact",
          "euiStyleSelector.labelNormal",
          "euiStyleSelector.labelExpanded",
        ]
      }
    >
      <Component />
    </EuiI18n>
  </EuiPopover>
</Fragment>
`;
